// Vitest Snapshot v1, https://vitest.dev/guide/snapshot.html

exports[`unlockEQROStateEmail > renders email for new EQRO contract subject to review as expected 1`] = `
"Submission MCR-MN-0004-SNBC was unlocked<br />
<br />
<b>Unlocked by:</b> josh@example.com<br />
<b>Unlocked on:</b> 01/31/2022<br />
<b>Reason for unlock:</b> Fixing mistake<br />
<br />
<a href="http://localhost/submissions/eqro/test-contract-123">View submission</a>"
`;
